// Jest Snapshot v1, https://goo.gl/fbAQLP

exports[`DetailsForm renders 1`] = `
<form
  className="DetailsForm"
>
  <label>
    Name:
    <input
      name="name"
      onChange={[Function]}
      type="text"
      value="John"
    />
  </label>
  <label>
    Email:
    <input
      name="email"
      onChange={[Function]}
      type="email"
      value="john@doe.com"
    />
  </label>
  <label>
    Address:
    <input
      name="address"
      onChange={[Function]}
      type="text"
      value="1st Ave"
    />
  </label>
  <label>
    Phone number:
    <input
      name="phone"
      onChange={[Function]}
      type="tel"
      value="555 666 7777"
    />
  </label>
</form>
`;
